// Jest Snapshot v1, https://goo.gl/fbAQLP

exports[`Component Modal Confirma test Snapshot 1`] = `
<RCTSafeAreaView
  emulateUnlessSupported={true}
  style={
    Array [
      Object {
        "backgroundColor": "#ffffff",
        "flexBasis": 0,
        "flexGrow": 1,
        "flexShrink": 1,
      },
    ]
  }
>
  <RCTScrollView
    style={
      Array [
        Object {
          "flexBasis": 0,
          "flexGrow": 1,
          "flexShrink": 1,
        },
      ]
    }
  >
    <View>
      <View
        style={
          Array [
            Object {
              "paddingBottom": 0,
              "paddingLeft": 20,
              "paddingRight": 20,
              "paddingTop": 0,
            },
          ]
        }
      >
        <View
          style={
            Array [
              Object {
                "alignItems": "center",
                "flexDirection": "row",
                "justifyContent": "center",
                "marginTop": 50,
                "width": "100%",
              },
            ]
          }
        >
          <Image
            resizeMode="cover"
            source={
              Object {
                "testUri": "../../../src/assets/images/icon_success.png",
              }
            }
            style={
              Object {
                "height": 163,
                "width": 163,
              }
            }
          />
        </View>
        <Text
          style={
            Array [
              Object {
                "fontFamily": "Roboto-Medium",
                "fontSize": 14,
                "lineHeight": 16,
                "textAlign": "center",
                "textTransform": "uppercase",
                "width": "100%",
              },
            ]
          }
        >
          Seu produto foi adicionado com sucesso รก sacola
        </Text>
      </View>
    </View>
  </RCTScrollView>
</RCTSafeAreaView>
`;
