// Jest Snapshot v1, https://goo.gl/fbAQLP

exports[`Component Modal Form Remember test Snapshot 1`] = `<modalFormRemember />`;
